// Jest Snapshot v1, https://goo.gl/fbAQLP

exports[`PhoneDetails should display phone details 1`] = `
<div
  className="details"
>
  <Link
    to="/phones"
  >
    All phones
  </Link>
  <div
    className="details__wrapper"
  >
    <PhoneGallery
      images={
        Array [
          "IPhone_7.png",
        ]
      }
      phoneName="iPhone 7"
    />
    <PhoneInfo
      phone={
        Object {
          "color": "black",
          "description": "iPhone 7 dramatically improves the most important aspects of the iPhone experience. It introduces advanced new camera systems. The best performance and battery life ever in an iPhone. Immersive stereo speakers. The brightest, most colorful iPhone display. Splash and water resistance*. And it looks every bit as powerful as it is. This is iPhone 7.",
          "id": 0,
          "images": Array [
            "IPhone_7.png",
          ],
          "manufacturer": "Apple",
          "name": "iPhone 7",
          "price": 769,
          "processor": "A10 Fusion",
          "ram": 2,
          "screen": "4,7 inch IPS",
        }
      }
    />
  </div>
  <PhoneSpecs
    phone={
      Object {
        "color": "black",
        "description": "iPhone 7 dramatically improves the most important aspects of the iPhone experience. It introduces advanced new camera systems. The best performance and battery life ever in an iPhone. Immersive stereo speakers. The brightest, most colorful iPhone display. Splash and water resistance*. And it looks every bit as powerful as it is. This is iPhone 7.",
        "id": 0,
        "images": Array [
          "IPhone_7.png",
        ],
        "manufacturer": "Apple",
        "name": "iPhone 7",
        "price": 769,
        "processor": "A10 Fusion",
        "ram": 2,
        "screen": "4,7 inch IPS",
      }
    }
  />
</div>
`;
