// Jest Snapshot v1, https://goo.gl/fbAQLP

exports[`PhonesListItem should display phones list item 1`] = `
<div
  class="card phone"
>
  <img
    alt="iPhone 7"
    class="card-img-top"
    src="IPhone_7.png"
  />
  <div
    class="card-body"
  >
    <h5
      class="card-title"
    >
      Apple
       
      iPhone 7
    </h5>
    <p
      class="card-text phone__price"
    >
      769
       €
    </p>
  </div>
  <button
    class="btn btn-info"
    type="button"
  >
    + Info
  </button>
</div>
`;
