// Jest Snapshot v1, https://goo.gl/fbAQLP

exports[`ManufacturerSelect should render component 1`] = `
<select
  className="form-control"
  name="manufacturer"
  onChange={[Function]}
>
  <option
    key="All Manufacturers"
    value=""
  >
    All Manufacturers
  </option>
  <option
    key="Apple"
    value="Apple"
  >
    Apple
  </option>
  <option
    key="Asus"
    value="Asus"
  >
    Asus
  </option>
  <option
    key="Huawei"
    value="Huawei"
  >
    Huawei
  </option>
  <option
    key="Motorola"
    value="Motorola"
  >
    Motorola
  </option>
  <option
    key="Nokia"
    value="Nokia"
  >
    Nokia
  </option>
  <option
    key="Samsung"
    value="Samsung"
  >
    Samsung
  </option>
  <option
    key="Xiaom"
    value="Xiaomi"
  >
    Xiaom
  </option>
</select>
`;
