// Jest Snapshot v1, https://goo.gl/fbAQLP

exports[`PhonesListItem should display phones list item 1`] = `
<div
  className="card phone"
>
  <img
    alt="iPhone 7"
    className="card-img-top"
    src="IPhone_7.png"
  />
  <div
    className="card-body"
  >
    <h5
      className="card-title"
    >
      Apple
       
      iPhone 7
    </h5>
    <p
      className="card-text phone__price"
    >
      769
       €
    </p>
  </div>
  <button
    className="btn btn-info"
    type="button"
  >
    + Info
  </button>
</div>
`;
